[INFO  Sun 28 Apr 2024 11:11:19 PM IST] ...ree.nvim/lua/neo-tree/sources/filesystem/lib/fs_scan.lua:110: No items, skipping git ignored/status lookups
[INFO  Sun 28 Apr 2024 11:43:55 PM IST] ...o-tree.nvim/lua/neo-tree/sources/filesystem/commands.lua:245: Toggling hidden files: true
[INFO  Sun 28 Apr 2024 11:45:23 PM IST] ...o-tree.nvim/lua/neo-tree/sources/filesystem/commands.lua:245: Toggling hidden files: true
[INFO  Mon 29 Apr 2024 08:35:10 PM IST] ...ree.nvim/lua/neo-tree/sources/filesystem/lib/fs_scan.lua:110: No items, skipping git ignored/status lookups
[INFO  Tue 30 Apr 2024 04:32:48 PM IST] ....nvim/lua/neo-tree/sources/filesystem/lib/fs_actions.lua:594: Renamed counter.dart successfully
[INFO  Wed 01 May 2024 11:13:52 PM IST] ...o-tree.nvim/lua/neo-tree/sources/filesystem/commands.lua:245: Toggling hidden files: true
[INFO  Wed 01 May 2024 11:22:31 PM IST] ...ree.nvim/lua/neo-tree/sources/filesystem/lib/fs_scan.lua:110: No items, skipping git ignored/status lookups
[INFO  Wed 01 May 2024 11:35:26 PM IST] ...o-tree.nvim/lua/neo-tree/sources/filesystem/commands.lua:245: Toggling hidden files: true
[INFO  Wed 01 May 2024 11:47:29 PM IST] ...o-tree.nvim/lua/neo-tree/sources/filesystem/commands.lua:245: Toggling hidden files: true
[INFO  Wed 01 May 2024 11:47:36 PM IST] ....nvim/lua/neo-tree/sources/filesystem/lib/fs_actions.lua:513: Deleted directory  /home/pratham/darkspace/node_modules
[INFO  Wed 01 May 2024 11:47:39 PM IST] ....nvim/lua/neo-tree/sources/filesystem/lib/fs_actions.lua:513: Deleted directory  /home/pratham/darkspace/.next
[INFO  Wed 01 May 2024 11:49:12 PM IST] ...o-tree.nvim/lua/neo-tree/sources/filesystem/commands.lua:245: Toggling hidden files: true
[INFO  Wed 01 May 2024 11:49:14 PM IST] ....nvim/lua/neo-tree/sources/filesystem/lib/fs_actions.lua:513: Deleted directory  /home/pratham/darkspace/.next
[INFO  Mon 06 May 2024 11:22:27 AM IST] ...o-tree.nvim/lua/neo-tree/sources/filesystem/commands.lua:245: Toggling hidden files: true
[INFO  Mon 06 May 2024 11:22:28 AM IST] ...o-tree.nvim/lua/neo-tree/sources/filesystem/commands.lua:245: Toggling hidden files: false
[INFO  Mon 06 May 2024 11:22:28 AM IST] ...o-tree.nvim/lua/neo-tree/sources/filesystem/commands.lua:245: Toggling hidden files: true
[INFO  Mon 06 May 2024 11:22:29 AM IST] ...o-tree.nvim/lua/neo-tree/sources/filesystem/commands.lua:245: Toggling hidden files: false
[INFO  Mon 06 May 2024 05:09:42 PM IST] ....nvim/lua/neo-tree/sources/filesystem/lib/fs_actions.lua:513: Deleted directory  /home/pratham/Downloads/e_com/ecom - Copy/server/node_modules
[INFO  Mon 06 May 2024 06:48:04 PM IST] ...o-tree.nvim/lua/neo-tree/sources/filesystem/commands.lua:245: Toggling hidden files: true
[INFO  Mon 06 May 2024 06:48:05 PM IST] ...o-tree.nvim/lua/neo-tree/sources/filesystem/commands.lua:245: Toggling hidden files: false
[INFO  Mon 06 May 2024 06:48:06 PM IST] ...o-tree.nvim/lua/neo-tree/sources/filesystem/commands.lua:245: Toggling hidden files: true
[INFO  Mon 06 May 2024 06:48:09 PM IST] ...o-tree.nvim/lua/neo-tree/sources/filesystem/commands.lua:245: Toggling hidden files: false
[INFO  Mon 06 May 2024 06:48:11 PM IST] ...o-tree.nvim/lua/neo-tree/sources/filesystem/commands.lua:245: Toggling hidden files: true
[INFO  Mon 06 May 2024 06:48:13 PM IST] ...o-tree.nvim/lua/neo-tree/sources/filesystem/commands.lua:245: Toggling hidden files: false
[INFO  Mon 06 May 2024 08:59:41 PM IST] ...o-tree.nvim/lua/neo-tree/sources/filesystem/commands.lua:245: Toggling hidden files: true
[INFO  Mon 06 May 2024 09:03:11 PM IST] ....nvim/lua/neo-tree/sources/filesystem/lib/fs_actions.lua:594: Renamed main.go.loacal successfully
[INFO  Tue 07 May 2024 05:01:48 PM IST] ...o-tree.nvim/lua/neo-tree/sources/filesystem/commands.lua:245: Toggling hidden files: true
[INFO  Tue 07 May 2024 05:01:49 PM IST] ...o-tree.nvim/lua/neo-tree/sources/filesystem/commands.lua:245: Toggling hidden files: false
[INFO  Tue 07 May 2024 05:24:18 PM IST] ...o-tree.nvim/lua/neo-tree/sources/filesystem/commands.lua:245: Toggling hidden files: true
[INFO  Tue 07 May 2024 05:25:01 PM IST] ...o-tree.nvim/lua/neo-tree/sources/filesystem/commands.lua:245: Toggling hidden files: false
[INFO  Tue 07 May 2024 05:34:40 PM IST] ...o-tree.nvim/lua/neo-tree/sources/filesystem/commands.lua:245: Toggling hidden files: true
[INFO  Tue 07 May 2024 05:35:18 PM IST] ...o-tree.nvim/lua/neo-tree/sources/filesystem/commands.lua:245: Toggling hidden files: false
[INFO  Fri 10 May 2024 04:42:23 PM IST] ...o-tree.nvim/lua/neo-tree/sources/filesystem/commands.lua:245: Toggling hidden files: true
[INFO  Fri 10 May 2024 04:42:24 PM IST] ...o-tree.nvim/lua/neo-tree/sources/filesystem/commands.lua:245: Toggling hidden files: false
[INFO  Fri 10 May 2024 04:42:27 PM IST] ...o-tree.nvim/lua/neo-tree/sources/filesystem/commands.lua:245: Toggling hidden files: true
[INFO  Fri 10 May 2024 04:42:28 PM IST] ...o-tree.nvim/lua/neo-tree/sources/filesystem/commands.lua:245: Toggling hidden files: false
[INFO  Fri 10 May 2024 04:42:28 PM IST] ...o-tree.nvim/lua/neo-tree/sources/filesystem/commands.lua:245: Toggling hidden files: true
[INFO  Fri 10 May 2024 04:42:28 PM IST] ...o-tree.nvim/lua/neo-tree/sources/filesystem/commands.lua:245: Toggling hidden files: false
[INFO  Fri 10 May 2024 04:42:29 PM IST] ...o-tree.nvim/lua/neo-tree/sources/filesystem/commands.lua:245: Toggling hidden files: true
[INFO  Fri 10 May 2024 04:42:29 PM IST] ...o-tree.nvim/lua/neo-tree/sources/filesystem/commands.lua:245: Toggling hidden files: false
[INFO  Fri 10 May 2024 04:42:29 PM IST] ...o-tree.nvim/lua/neo-tree/sources/filesystem/commands.lua:245: Toggling hidden files: true
[INFO  Fri 10 May 2024 04:42:30 PM IST] ...o-tree.nvim/lua/neo-tree/sources/filesystem/commands.lua:245: Toggling hidden files: false
[INFO  Fri 10 May 2024 10:29:41 PM IST] ....nvim/lua/neo-tree/sources/filesystem/lib/fs_actions.lua:513: Deleted directory  /home/pratham/work/nuxt/netfix_clone/server/core/migrations
[INFO  Fri 10 May 2024 11:59:18 PM IST] ....nvim/lua/neo-tree/sources/filesystem/lib/fs_actions.lua:594: Renamed schemas.py successfully
[INFO  Sat 11 May 2024 01:19:16 AM IST] ...o-tree.nvim/lua/neo-tree/sources/filesystem/commands.lua:245: Toggling hidden files: true
[INFO  Sat 11 May 2024 01:19:18 AM IST] ...o-tree.nvim/lua/neo-tree/sources/filesystem/commands.lua:245: Toggling hidden files: false
[INFO  Sat 11 May 2024 01:19:19 AM IST] ...o-tree.nvim/lua/neo-tree/sources/filesystem/commands.lua:245: Toggling hidden files: true
[INFO  Sat 11 May 2024 01:19:20 AM IST] ...o-tree.nvim/lua/neo-tree/sources/filesystem/commands.lua:245: Toggling hidden files: false
[INFO  Sat 11 May 2024 01:19:22 AM IST] ...o-tree.nvim/lua/neo-tree/sources/filesystem/commands.lua:245: Toggling hidden files: true
[INFO  Sat 11 May 2024 01:19:24 AM IST] ...o-tree.nvim/lua/neo-tree/sources/filesystem/commands.lua:245: Toggling hidden files: false
[INFO  Sat 11 May 2024 01:27:54 AM IST] ....nvim/lua/neo-tree/sources/filesystem/lib/fs_actions.lua:594: Renamed [slug].vue successfully
[WARN  Sat 11 May 2024 08:49:44 PM IST] ....nvim/lua/neo-tree/sources/filesystem/lib/fs_actions.lua:253: Cannot copy a file/folder to itself
[INFO  Sat 11 May 2024 08:50:03 PM IST] ....nvim/lua/neo-tree/sources/filesystem/lib/fs_actions.lua:513: Deleted directory  /home/pratham/work/nuxt/netfix_clone/client/pages/movies/series
[INFO  Thu 16 May 2024 05:30:36 PM IST] ...o-tree.nvim/lua/neo-tree/sources/filesystem/commands.lua:245: Toggling hidden files: true
[INFO  Thu 16 May 2024 05:30:37 PM IST] ...o-tree.nvim/lua/neo-tree/sources/filesystem/commands.lua:245: Toggling hidden files: false
[INFO  Thu 16 May 2024 05:31:23 PM IST] ...o-tree.nvim/lua/neo-tree/sources/filesystem/commands.lua:245: Toggling hidden files: true
[INFO  Thu 16 May 2024 05:31:24 PM IST] ...o-tree.nvim/lua/neo-tree/sources/filesystem/commands.lua:245: Toggling hidden files: false
[INFO  Fri 17 May 2024 05:42:51 PM IST] ...o-tree.nvim/lua/neo-tree/sources/filesystem/commands.lua:245: Toggling hidden files: true
[INFO  Fri 17 May 2024 05:42:53 PM IST] ...o-tree.nvim/lua/neo-tree/sources/filesystem/commands.lua:245: Toggling hidden files: false
[INFO  Fri 17 May 2024 05:42:53 PM IST] ...o-tree.nvim/lua/neo-tree/sources/filesystem/commands.lua:245: Toggling hidden files: true
[INFO  Fri 17 May 2024 05:42:53 PM IST] ...o-tree.nvim/lua/neo-tree/sources/filesystem/commands.lua:245: Toggling hidden files: false
[INFO  Fri 17 May 2024 06:59:38 PM IST] ...o-tree.nvim/lua/neo-tree/sources/filesystem/commands.lua:245: Toggling hidden files: true
[INFO  Sat 18 May 2024 07:18:22 PM IST] ...y/neo-tree.nvim/lua/neo-tree/sources/common/commands.lua:220: Copied ~/.config/nvim to clipboard
[INFO  Sat 18 May 2024 08:07:18 PM IST] ...ree.nvim/lua/neo-tree/sources/filesystem/lib/fs_scan.lua:110: No items, skipping git ignored/status lookups
[INFO  Sat 18 May 2024 08:07:30 PM IST] ...ree.nvim/lua/neo-tree/sources/filesystem/lib/fs_scan.lua:110: No items, skipping git ignored/status lookups
[INFO  Sat 18 May 2024 08:07:30 PM IST] ...ree.nvim/lua/neo-tree/sources/filesystem/lib/fs_scan.lua:110: No items, skipping git ignored/status lookups
[INFO  Sat 18 May 2024 08:07:30 PM IST] ...ree.nvim/lua/neo-tree/sources/filesystem/lib/fs_scan.lua:110: No items, skipping git ignored/status lookups
[INFO  Sat 18 May 2024 08:07:30 PM IST] ...ree.nvim/lua/neo-tree/sources/filesystem/lib/fs_scan.lua:110: No items, skipping git ignored/status lookups
[INFO  Sat 18 May 2024 08:07:31 PM IST] ...ree.nvim/lua/neo-tree/sources/filesystem/lib/fs_scan.lua:110: No items, skipping git ignored/status lookups
[INFO  Sat 18 May 2024 08:16:23 PM IST] ...o-tree.nvim/lua/neo-tree/sources/filesystem/commands.lua:245: Toggling hidden files: true
[INFO  Sat 18 May 2024 08:16:24 PM IST] ...o-tree.nvim/lua/neo-tree/sources/filesystem/commands.lua:245: Toggling hidden files: false
[INFO  Sat 18 May 2024 08:16:24 PM IST] ...o-tree.nvim/lua/neo-tree/sources/filesystem/commands.lua:245: Toggling hidden files: true
[INFO  Sat 18 May 2024 08:16:24 PM IST] ...o-tree.nvim/lua/neo-tree/sources/filesystem/commands.lua:245: Toggling hidden files: false
[INFO  Sat 18 May 2024 08:16:25 PM IST] ...o-tree.nvim/lua/neo-tree/sources/filesystem/commands.lua:245: Toggling hidden files: true
[INFO  Sat 18 May 2024 08:16:25 PM IST] ...o-tree.nvim/lua/neo-tree/sources/filesystem/commands.lua:245: Toggling hidden files: false
[INFO  Sat 18 May 2024 08:16:25 PM IST] ...o-tree.nvim/lua/neo-tree/sources/filesystem/commands.lua:245: Toggling hidden files: true
[INFO  Sat 18 May 2024 08:16:25 PM IST] ...o-tree.nvim/lua/neo-tree/sources/filesystem/commands.lua:245: Toggling hidden files: false
[INFO  Sat 18 May 2024 08:58:16 PM IST] ...ree.nvim/lua/neo-tree/sources/filesystem/lib/fs_scan.lua:110: No items, skipping git ignored/status lookups
[INFO  Sat 18 May 2024 08:58:16 PM IST] ...ree.nvim/lua/neo-tree/sources/filesystem/lib/fs_scan.lua:110: No items, skipping git ignored/status lookups
[INFO  Sat 18 May 2024 08:58:17 PM IST] ...ree.nvim/lua/neo-tree/sources/filesystem/lib/fs_scan.lua:110: No items, skipping git ignored/status lookups
[INFO  Sat 18 May 2024 10:11:57 PM IST] ...o-tree.nvim/lua/neo-tree/sources/filesystem/commands.lua:245: Toggling hidden files: true
[INFO  Sat 18 May 2024 10:12:07 PM IST] ....nvim/lua/neo-tree/sources/filesystem/lib/fs_actions.lua:594: Renamed .zsh_profile successfully
[INFO  Sat 18 May 2024 10:41:36 PM IST] ...o-tree.nvim/lua/neo-tree/sources/filesystem/commands.lua:245: Toggling hidden files: true
[INFO  Sat 18 May 2024 11:14:59 PM IST] ...o-tree.nvim/lua/neo-tree/sources/filesystem/commands.lua:245: Toggling hidden files: true
[INFO  Sun 19 May 2024 04:00:46 PM IST] ....nvim/lua/neo-tree/sources/filesystem/lib/fs_actions.lua:594: Renamed icons successfully
[INFO  Mon 27 May 2024 04:07:29 PM IST] ....nvim/lua/neo-tree/sources/filesystem/lib/fs_actions.lua:513: Deleted directory  /home/pratham/work/flutter/kaamyaabi-epc-app/lib/common
[INFO  Mon 27 May 2024 04:07:32 PM IST] ....nvim/lua/neo-tree/sources/filesystem/lib/fs_actions.lua:513: Deleted directory  /home/pratham/work/flutter/kaamyaabi-epc-app/lib/modules/dashboard
[INFO  Tue 28 May 2024 11:53:18 AM IST] ...ree.nvim/lua/neo-tree/sources/filesystem/lib/fs_scan.lua:110: No items, skipping git ignored/status lookups
[INFO  Tue 28 May 2024 11:53:18 AM IST] ...ree.nvim/lua/neo-tree/sources/filesystem/lib/fs_scan.lua:110: No items, skipping git ignored/status lookups
[INFO  Tue 28 May 2024 11:53:18 AM IST] ...ree.nvim/lua/neo-tree/sources/filesystem/lib/fs_scan.lua:110: No items, skipping git ignored/status lookups
[INFO  Tue 28 May 2024 11:53:21 AM IST] ...ree.nvim/lua/neo-tree/sources/filesystem/lib/fs_scan.lua:110: No items, skipping git ignored/status lookups
[INFO  Tue 28 May 2024 11:53:22 AM IST] ...ree.nvim/lua/neo-tree/sources/filesystem/lib/fs_scan.lua:110: No items, skipping git ignored/status lookups
[INFO  Wed 05 Jun 2024 03:04:19 PM IST] ...ree.nvim/lua/neo-tree/sources/filesystem/lib/fs_scan.lua:110: No items, skipping git ignored/status lookups
[INFO  Wed 05 Jun 2024 08:49:25 PM IST] ....nvim/lua/neo-tree/sources/filesystem/lib/fs_actions.lua:594: Renamed clients successfully
[INFO  Wed 05 Jun 2024 09:22:58 PM IST] ....nvim/lua/neo-tree/sources/filesystem/lib/fs_actions.lua:594: Renamed project-monitor.vue successfully
[WARN  Wed 05 Jun 2024 09:30:56 PM IST] ....nvim/lua/neo-tree/sources/filesystem/lib/fs_actions.lua:600: Could not rename the files
[INFO  Wed 05 Jun 2024 10:17:10 PM IST] ...ree.nvim/lua/neo-tree/sources/filesystem/lib/fs_scan.lua:110: No items, skipping git ignored/status lookups
[INFO  Wed 05 Jun 2024 10:17:12 PM IST] ...ree.nvim/lua/neo-tree/sources/filesystem/lib/fs_scan.lua:110: No items, skipping git ignored/status lookups
[INFO  Wed 05 Jun 2024 10:17:32 PM IST] ....nvim/lua/neo-tree/sources/filesystem/lib/fs_actions.lua:594: Renamed codium.lua.bak successfully
[INFO  Wed 05 Jun 2024 11:48:20 PM IST] ...ree.nvim/lua/neo-tree/sources/filesystem/lib/fs_scan.lua:110: No items, skipping git ignored/status lookups
[INFO  Mon 17 Jun 2024 10:27:51 AM IST] ...o-tree.nvim/lua/neo-tree/sources/filesystem/commands.lua:245: Toggling hidden files: true
[INFO  Mon 17 Jun 2024 10:27:53 AM IST] ...o-tree.nvim/lua/neo-tree/sources/filesystem/commands.lua:245: Toggling hidden files: false
[INFO  Sat 22 Jun 2024 03:16:18 PM IST] ....nvim/lua/neo-tree/sources/filesystem/lib/fs_actions.lua:594: Renamed keymap.toml successfully
[INFO  Mon 24 Jun 2024 03:54:50 PM IST] ...ree.nvim/lua/neo-tree/sources/filesystem/lib/fs_scan.lua:110: No items, skipping git ignored/status lookups
[INFO  Mon 24 Jun 2024 03:54:50 PM IST] ...ree.nvim/lua/neo-tree/sources/filesystem/lib/fs_scan.lua:110: No items, skipping git ignored/status lookups
[INFO  Mon 24 Jun 2024 03:54:52 PM IST] ...ree.nvim/lua/neo-tree/sources/filesystem/lib/fs_scan.lua:110: No items, skipping git ignored/status lookups
[INFO  Mon 24 Jun 2024 03:59:29 PM IST] ...ree.nvim/lua/neo-tree/sources/filesystem/lib/fs_scan.lua:110: No items, skipping git ignored/status lookups
[INFO  Tue 25 Jun 2024 12:19:43 AM IST] ...ree.nvim/lua/neo-tree/sources/filesystem/lib/fs_scan.lua:110: No items, skipping git ignored/status lookups
[INFO  Tue 25 Jun 2024 12:19:43 AM IST] ...ree.nvim/lua/neo-tree/sources/filesystem/lib/fs_scan.lua:110: No items, skipping git ignored/status lookups
[INFO  Tue 25 Jun 2024 12:20:21 AM IST] ...ree.nvim/lua/neo-tree/sources/filesystem/lib/fs_scan.lua:110: No items, skipping git ignored/status lookups
[INFO  Tue 25 Jun 2024 12:20:22 AM IST] ...ree.nvim/lua/neo-tree/sources/filesystem/lib/fs_scan.lua:110: No items, skipping git ignored/status lookups
[INFO  Tue 25 Jun 2024 12:20:23 AM IST] ...ree.nvim/lua/neo-tree/sources/filesystem/lib/fs_scan.lua:110: No items, skipping git ignored/status lookups
[INFO  Tue 25 Jun 2024 12:20:24 AM IST] ...ree.nvim/lua/neo-tree/sources/filesystem/lib/fs_scan.lua:110: No items, skipping git ignored/status lookups
[INFO  Thu 27 Jun 2024 10:31:40 PM IST] ...o-tree.nvim/lua/neo-tree/sources/filesystem/commands.lua:245: Toggling hidden files: true
[INFO  Thu 27 Jun 2024 10:31:41 PM IST] ...o-tree.nvim/lua/neo-tree/sources/filesystem/commands.lua:245: Toggling hidden files: false
[INFO  Thu 27 Jun 2024 10:31:41 PM IST] ...o-tree.nvim/lua/neo-tree/sources/filesystem/commands.lua:245: Toggling hidden files: true
[INFO  Thu 27 Jun 2024 10:31:42 PM IST] ...o-tree.nvim/lua/neo-tree/sources/filesystem/commands.lua:245: Toggling hidden files: false
[INFO  Thu 27 Jun 2024 10:31:42 PM IST] ...o-tree.nvim/lua/neo-tree/sources/filesystem/commands.lua:245: Toggling hidden files: true
[INFO  Thu 27 Jun 2024 10:31:46 PM IST] ...o-tree.nvim/lua/neo-tree/sources/filesystem/commands.lua:245: Toggling hidden files: false
[INFO  Thu 27 Jun 2024 10:31:46 PM IST] ...o-tree.nvim/lua/neo-tree/sources/filesystem/commands.lua:245: Toggling hidden files: true
[INFO  Thu 27 Jun 2024 10:31:47 PM IST] ...o-tree.nvim/lua/neo-tree/sources/filesystem/commands.lua:245: Toggling hidden files: false
[INFO  Thu 27 Jun 2024 10:31:48 PM IST] ...o-tree.nvim/lua/neo-tree/sources/filesystem/commands.lua:245: Toggling hidden files: true
[INFO  Thu 27 Jun 2024 10:31:49 PM IST] ...o-tree.nvim/lua/neo-tree/sources/filesystem/commands.lua:245: Toggling hidden files: false
[INFO  Thu 27 Jun 2024 10:31:49 PM IST] ...o-tree.nvim/lua/neo-tree/sources/filesystem/commands.lua:245: Toggling hidden files: true
[INFO  Thu 27 Jun 2024 10:31:49 PM IST] ...o-tree.nvim/lua/neo-tree/sources/filesystem/commands.lua:245: Toggling hidden files: false
[INFO  Thu 27 Jun 2024 10:31:50 PM IST] ...o-tree.nvim/lua/neo-tree/sources/filesystem/commands.lua:245: Toggling hidden files: true
[INFO  Thu 27 Jun 2024 10:31:50 PM IST] ...o-tree.nvim/lua/neo-tree/sources/filesystem/commands.lua:245: Toggling hidden files: false
[INFO  Thu 27 Jun 2024 10:33:04 PM IST] ...o-tree.nvim/lua/neo-tree/sources/filesystem/commands.lua:245: Toggling hidden files: true
[INFO  Thu 27 Jun 2024 10:33:05 PM IST] ...o-tree.nvim/lua/neo-tree/sources/filesystem/commands.lua:245: Toggling hidden files: false
[INFO  Tue 02 Jul 2024 01:45:32 PM IST] ...o-tree.nvim/lua/neo-tree/sources/filesystem/commands.lua:245: Toggling hidden files: true
[INFO  Tue 02 Jul 2024 01:47:39 PM IST] ...o-tree.nvim/lua/neo-tree/sources/filesystem/commands.lua:245: Toggling hidden files: false
[INFO  Thu 04 Jul 2024 01:41:41 PM IST] ...o-tree.nvim/lua/neo-tree/sources/filesystem/commands.lua:245: Toggling hidden files: true
[INFO  Thu 04 Jul 2024 01:46:03 PM IST] ...o-tree.nvim/lua/neo-tree/sources/filesystem/commands.lua:245: Toggling hidden files: false
[INFO  Sat 06 Jul 2024 02:24:16 PM IST] ...ree.nvim/lua/neo-tree/sources/filesystem/lib/fs_scan.lua:110: No items, skipping git ignored/status lookups
[INFO  Sat 06 Jul 2024 02:44:24 PM IST] ....nvim/lua/neo-tree/sources/filesystem/lib/fs_actions.lua:594: Renamed default.vue successfully
[INFO  Sat 06 Jul 2024 02:53:31 PM IST] ....nvim/lua/neo-tree/sources/filesystem/lib/fs_actions.lua:594: Renamed layouts successfully
[INFO  Tue 16 Jul 2024 02:08:12 PM IST] ....nvim/lua/neo-tree/sources/filesystem/lib/fs_actions.lua:594: Renamed tailwind.config.ts successfully
[INFO  Tue 16 Jul 2024 02:36:44 PM IST] ....nvim/lua/neo-tree/sources/filesystem/lib/fs_actions.lua:594: Renamed index.js successfully
[INFO  Tue 16 Jul 2024 02:37:05 PM IST] ....nvim/lua/neo-tree/sources/filesystem/lib/fs_actions.lua:594: Renamed index.ts successfully
[INFO  Tue 16 Jul 2024 03:23:42 PM IST] ...ree.nvim/lua/neo-tree/sources/filesystem/lib/fs_scan.lua:110: No items, skipping git ignored/status lookups
[INFO  Tue 16 Jul 2024 03:23:43 PM IST] ...ree.nvim/lua/neo-tree/sources/filesystem/lib/fs_scan.lua:110: No items, skipping git ignored/status lookups
[INFO  Tue 16 Jul 2024 03:25:13 PM IST] ...o-tree.nvim/lua/neo-tree/sources/filesystem/commands.lua:245: Toggling hidden files: true
[INFO  Tue 16 Jul 2024 03:25:14 PM IST] ...o-tree.nvim/lua/neo-tree/sources/filesystem/commands.lua:245: Toggling hidden files: false
[INFO  Tue 16 Jul 2024 03:26:21 PM IST] ...o-tree.nvim/lua/neo-tree/sources/filesystem/commands.lua:245: Toggling hidden files: true
[INFO  Tue 16 Jul 2024 03:26:40 PM IST] ...o-tree.nvim/lua/neo-tree/sources/filesystem/commands.lua:245: Toggling hidden files: true
[INFO  Tue 16 Jul 2024 03:26:56 PM IST] ...o-tree.nvim/lua/neo-tree/sources/filesystem/commands.lua:245: Toggling hidden files: false
[INFO  Tue 16 Jul 2024 03:28:22 PM IST] ....nvim/lua/neo-tree/sources/filesystem/lib/fs_actions.lua:594: Renamed index.js successfully
[INFO  Tue 16 Jul 2024 03:31:34 PM IST] ...o-tree.nvim/lua/neo-tree/sources/filesystem/commands.lua:245: Toggling hidden files: true
[INFO  Tue 16 Jul 2024 03:31:35 PM IST] ...o-tree.nvim/lua/neo-tree/sources/filesystem/commands.lua:245: Toggling hidden files: false
[INFO  Tue 16 Jul 2024 03:34:31 PM IST] ....nvim/lua/neo-tree/sources/filesystem/lib/fs_actions.lua:594: Renamed index.ts successfully
[INFO  Tue 16 Jul 2024 04:05:32 PM IST] ...o-tree.nvim/lua/neo-tree/sources/filesystem/commands.lua:245: Toggling hidden files: true
[INFO  Tue 16 Jul 2024 05:24:29 PM IST] ...o-tree.nvim/lua/neo-tree/sources/filesystem/commands.lua:245: Toggling hidden files: false
[INFO  Tue 16 Jul 2024 05:29:35 PM IST] ...o-tree.nvim/lua/neo-tree/sources/filesystem/commands.lua:245: Toggling hidden files: true
[INFO  Tue 16 Jul 2024 05:32:15 PM IST] ...o-tree.nvim/lua/neo-tree/sources/filesystem/commands.lua:245: Toggling hidden files: false
[INFO  Tue 16 Jul 2024 05:42:54 PM IST] ...o-tree.nvim/lua/neo-tree/sources/filesystem/commands.lua:245: Toggling hidden files: true
[INFO  Tue 16 Jul 2024 05:43:36 PM IST] ...o-tree.nvim/lua/neo-tree/sources/filesystem/commands.lua:245: Toggling hidden files: false
[INFO  Tue 16 Jul 2024 06:42:28 PM IST] ....nvim/lua/neo-tree/sources/filesystem/lib/fs_actions.lua:594: Renamed userRoutes.ts successfully
[INFO  Tue 16 Jul 2024 08:01:16 PM IST] ...o-tree.nvim/lua/neo-tree/sources/filesystem/commands.lua:245: Toggling hidden files: true
[INFO  Tue 16 Jul 2024 08:04:33 PM IST] ....nvim/lua/neo-tree/sources/filesystem/lib/fs_actions.lua:594: Renamed Home.tsx successfully
[INFO  Tue 16 Jul 2024 10:20:13 PM IST] ...o-tree.nvim/lua/neo-tree/sources/filesystem/commands.lua:245: Toggling hidden files: true
[INFO  Wed 17 Jul 2024 05:28:55 PM IST] ...o-tree.nvim/lua/neo-tree/sources/filesystem/commands.lua:245: Toggling hidden files: true
[INFO  Wed 17 Jul 2024 05:32:17 PM IST] ...o-tree.nvim/lua/neo-tree/sources/filesystem/commands.lua:245: Toggling hidden files: false
[INFO  Wed 17 Jul 2024 06:29:58 PM IST] ....nvim/lua/neo-tree/sources/filesystem/lib/fs_actions.lua:594: Renamed SignUpForm.tsx successfully
[WARN  Wed 17 Jul 2024 06:31:07 PM IST] ....nvim/lua/neo-tree/sources/filesystem/lib/fs_actions.lua:581: /home/pratham/personal/login-register/frontend/src/pages/SignUp.tsx  already exists
[INFO  Wed 17 Jul 2024 06:31:26 PM IST] ....nvim/lua/neo-tree/sources/filesystem/lib/fs_actions.lua:594: Renamed SignUp.tsx successfully
[INFO  Wed 17 Jul 2024 08:19:16 PM IST] ....nvim/lua/neo-tree/sources/filesystem/lib/fs_actions.lua:594: Renamed UserTable.tsx successfully
[INFO  Wed 17 Jul 2024 08:42:44 PM IST] ....nvim/lua/neo-tree/sources/filesystem/lib/fs_actions.lua:594: Renamed UserTable.tsx successfully
[INFO  Wed 17 Jul 2024 09:41:39 PM IST] ...o-tree.nvim/lua/neo-tree/sources/filesystem/commands.lua:245: Toggling hidden files: true
[INFO  Wed 17 Jul 2024 09:41:41 PM IST] ...o-tree.nvim/lua/neo-tree/sources/filesystem/commands.lua:245: Toggling hidden files: false
[INFO  Wed 17 Jul 2024 09:41:42 PM IST] ...o-tree.nvim/lua/neo-tree/sources/filesystem/commands.lua:245: Toggling hidden files: true
[INFO  Wed 17 Jul 2024 09:41:46 PM IST] ...o-tree.nvim/lua/neo-tree/sources/filesystem/commands.lua:245: Toggling hidden files: false
[INFO  Wed 17 Jul 2024 09:41:46 PM IST] ...o-tree.nvim/lua/neo-tree/sources/filesystem/commands.lua:245: Toggling hidden files: true
[INFO  Wed 17 Jul 2024 09:41:48 PM IST] ...o-tree.nvim/lua/neo-tree/sources/filesystem/commands.lua:245: Toggling hidden files: false
[INFO  Wed 17 Jul 2024 09:43:57 PM IST] ...o-tree.nvim/lua/neo-tree/sources/filesystem/commands.lua:245: Toggling hidden files: true
[INFO  Sat 27 Jul 2024 12:41:18 AM IST] ...o-tree.nvim/lua/neo-tree/sources/filesystem/commands.lua:245: Toggling hidden files: true
[INFO  Sat 27 Jul 2024 12:41:19 AM IST] ...o-tree.nvim/lua/neo-tree/sources/filesystem/commands.lua:245: Toggling hidden files: false
[INFO  Sat 27 Jul 2024 12:41:21 AM IST] ...o-tree.nvim/lua/neo-tree/sources/filesystem/commands.lua:245: Toggling hidden files: true
[INFO  Sat 27 Jul 2024 12:41:21 AM IST] ...o-tree.nvim/lua/neo-tree/sources/filesystem/commands.lua:245: Toggling hidden files: false
[INFO  Sat 27 Jul 2024 12:41:51 AM IST] ...o-tree.nvim/lua/neo-tree/sources/filesystem/commands.lua:245: Toggling hidden files: true
[INFO  Sat 27 Jul 2024 12:42:06 AM IST] ...o-tree.nvim/lua/neo-tree/sources/filesystem/commands.lua:245: Toggling hidden files: false
[INFO  Sat 27 Jul 2024 12:42:43 AM IST] ...o-tree.nvim/lua/neo-tree/sources/filesystem/commands.lua:245: Toggling hidden files: true
[INFO  Sat 27 Jul 2024 12:42:45 AM IST] ...o-tree.nvim/lua/neo-tree/sources/filesystem/commands.lua:245: Toggling hidden files: false
[INFO  Sat 27 Jul 2024 12:42:46 AM IST] ...o-tree.nvim/lua/neo-tree/sources/filesystem/commands.lua:245: Toggling hidden files: true
[INFO  Sat 27 Jul 2024 12:42:48 AM IST] ...o-tree.nvim/lua/neo-tree/sources/filesystem/commands.lua:245: Toggling hidden files: false
[INFO  Sat 27 Jul 2024 01:44:00 AM IST] ...o-tree.nvim/lua/neo-tree/sources/filesystem/commands.lua:245: Toggling hidden files: true
[INFO  Sat 27 Jul 2024 01:44:08 AM IST] ...o-tree.nvim/lua/neo-tree/sources/filesystem/commands.lua:245: Toggling hidden files: false
[INFO  Sat 27 Jul 2024 01:44:17 AM IST] ...o-tree.nvim/lua/neo-tree/sources/filesystem/commands.lua:245: Toggling hidden files: true
[INFO  Sat 27 Jul 2024 01:44:20 AM IST] ...o-tree.nvim/lua/neo-tree/sources/filesystem/commands.lua:245: Toggling hidden files: false
[INFO  Sat 27 Jul 2024 02:10:24 AM IST] ...o-tree.nvim/lua/neo-tree/sources/filesystem/commands.lua:245: Toggling hidden files: true
[INFO  Sat 27 Jul 2024 02:10:24 AM IST] ...o-tree.nvim/lua/neo-tree/sources/filesystem/commands.lua:245: Toggling hidden files: false
[INFO  Sun 28 Jul 2024 06:12:59 PM IST] ....nvim/lua/neo-tree/sources/filesystem/lib/fs_actions.lua:594: Renamed index.js successfully
[INFO  Thu 01 Aug 2024 01:30:08 PM IST] ....nvim/lua/neo-tree/sources/filesystem/lib/fs_actions.lua:513: Deleted directory  /home/pratham/personal/native-app/my-app_1/app/(tabs)
[INFO  Thu 01 Aug 2024 01:30:15 PM IST] ....nvim/lua/neo-tree/sources/filesystem/lib/fs_actions.lua:513: Deleted directory  /home/pratham/personal/native-app/my-app_1/components
[INFO  Thu 01 Aug 2024 01:30:17 PM IST] ....nvim/lua/neo-tree/sources/filesystem/lib/fs_actions.lua:513: Deleted directory  /home/pratham/personal/native-app/my-app_1/constants
[INFO  Thu 01 Aug 2024 01:30:18 PM IST] ....nvim/lua/neo-tree/sources/filesystem/lib/fs_actions.lua:513: Deleted directory  /home/pratham/personal/native-app/my-app_1/hooks
[INFO  Tue 06 Aug 2024 02:11:37 PM IST] ...o-tree.nvim/lua/neo-tree/sources/filesystem/commands.lua:245: Toggling hidden files: true
[INFO  Thu 08 Aug 2024 05:27:46 PM IST] ....nvim/lua/neo-tree/sources/filesystem/lib/fs_actions.lua:594: Renamed colorscheme.lua successfully
[ERROR Thu 08 Aug 2024 05:28:28 PM IST] ...hare/nvim/lazy/neo-tree.nvim/lua/neo-tree/utils/init.lua:761: Error opening file: vim/_editor.lua:0: nvim_exec2()..BufReadPost Autocommands for "*": Vim(append):Error executing lua callback: .../share/nvim/lazy/LazyVim/lua/lazyvim/config/autocmds.lua:130: attempt to compare nil with number
stack traceback:
	.../share/nvim/lazy/LazyVim/lua/lazyvim/config/autocmds.lua:130: in function <.../share/nvim/lazy/LazyVim/lua/lazyvim/config/autocmds.lua:126>
	vim/filetype.lua: in function ''
	vim/filetype.lua: in function 'match'
	/usr/share/nvim/runtime/filetype.lua:14: in function </usr/share/nvim/runtime/filetype.lua:10>
	[C]: in function 'nvim_exec2'
	vim/_editor.lua: in function <vim/_editor.lua:0>
	[C]: in function 'pcall'
	...hare/nvim/lazy/neo-tree.nvim/lua/neo-tree/utils/init.lua:741: in function 'open_file'
	...y/neo-tree.nvim/lua/neo-tree/sources/common/commands.lua:733: in function 'open'
	...y/neo-tree.nvim/lua/neo-tree/sources/common/commands.lua:755: in function 'open_with_cmd'
	...y/neo-tree.nvim/lua/neo-tree/sources/common/commands.lua:764: in function 'open'
	...o-tree.nvim/lua/neo-tree/sources/filesystem/commands.lua:184: in function <...o-tree.nvim/lua/neo-tree/sources/filesystem/commands.lua:183>
[INFO  Thu 08 Aug 2024 10:57:54 PM IST] ...o-tree.nvim/lua/neo-tree/sources/filesystem/commands.lua:245: Toggling hidden files: true
[INFO  Thu 08 Aug 2024 10:57:56 PM IST] ...o-tree.nvim/lua/neo-tree/sources/filesystem/commands.lua:245: Toggling hidden files: false
[INFO  Fri 09 Aug 2024 01:47:35 AM IST] ...o-tree.nvim/lua/neo-tree/sources/filesystem/commands.lua:245: Toggling hidden files: true
[INFO  Fri 09 Aug 2024 01:48:03 AM IST] ...o-tree.nvim/lua/neo-tree/sources/filesystem/commands.lua:245: Toggling hidden files: false
[INFO  Fri 16 Aug 2024 04:24:17 PM IST] ....nvim/lua/neo-tree/sources/filesystem/lib/fs_actions.lua:594: Renamed rendering.ts successfully
[INFO  Tue 20 Aug 2024 12:48:16 PM IST] ....nvim/lua/neo-tree/sources/filesystem/lib/fs_actions.lua:513: Deleted directory  /home/pratham/work/nuxt/3d-editor/utils
[INFO  Wed 21 Aug 2024 12:51:12 PM IST] ....nvim/lua/neo-tree/sources/filesystem/lib/fs_actions.lua:594: Renamed object-handeling.ts successfully
[INFO  Tue 27 Aug 2024 11:17:36 PM IST] ...ree.nvim/lua/neo-tree/sources/filesystem/lib/fs_scan.lua:110: No items, skipping git ignored/status lookups
[INFO  Tue 27 Aug 2024 11:17:37 PM IST] ...ree.nvim/lua/neo-tree/sources/filesystem/lib/fs_scan.lua:110: No items, skipping git ignored/status lookups
[INFO  Tue 27 Aug 2024 11:17:37 PM IST] ...ree.nvim/lua/neo-tree/sources/filesystem/lib/fs_scan.lua:110: No items, skipping git ignored/status lookups
[INFO  Tue 27 Aug 2024 11:17:37 PM IST] ...ree.nvim/lua/neo-tree/sources/filesystem/lib/fs_scan.lua:110: No items, skipping git ignored/status lookups
[INFO  Tue 27 Aug 2024 11:38:46 PM IST] ...ree.nvim/lua/neo-tree/sources/filesystem/lib/fs_scan.lua:110: No items, skipping git ignored/status lookups
[INFO  Wed 28 Aug 2024 03:57:06 PM IST] ...o-tree.nvim/lua/neo-tree/sources/filesystem/commands.lua:245: Toggling hidden files: true
[INFO  Wed 28 Aug 2024 03:57:07 PM IST] ...o-tree.nvim/lua/neo-tree/sources/filesystem/commands.lua:245: Toggling hidden files: false
[INFO  Wed 28 Aug 2024 08:01:05 PM IST] ...ree.nvim/lua/neo-tree/sources/filesystem/lib/fs_scan.lua:110: No items, skipping git ignored/status lookups
[INFO  Wed 28 Aug 2024 08:01:16 PM IST] ....nvim/lua/neo-tree/sources/filesystem/lib/fs_actions.lua:513: Deleted directory  /home/pratham/personal/python/sldj
